---
title: MySQL:事务原理
date:
tags:
- MySQL
---
<details>
<summary>点击展开目录</summary>
<!-- TOC -->

- [事务特性](#事务特性)
    - [ACID](#acid)
- [隔离级别](#隔离级别)
    - [几个命令](#几个命令)
    - [隔离级别的实现](#隔离级别的实现)
    - [RU](#ru)
    - [RC](#rc)
    - [RR](#rr)
    - [Serializable](#serializable)
    - [总结](#总结)
- [MVCC](#mvcc)
- [间隙锁](#间隙锁)
- [事务提交过程](#事务提交过程)
    - [QA](#qa)
- [参考](#参考)

<!-- /TOC -->
</details>

# 事务特性

## ACID

事务特性(ACID):
* 原子性(`Atomicity`)
* 一致性(`Consistency`)
* 隔离性(`Isolation`)
* 持久性(`Durability`)

> 简单记忆: 一致认为放射原子持久隔离

原子性, 持久性保证了一致性, 隔离性本质上也可以说是保证了一致性:

* 一组事务必须全部成功或全部失败, 否则无法保证一致性.
* 对失败的事务进行回滚, 成功的事务进行持久化, 即使是宕机重启后, 根据`undo log`, `redo log`进行故障恢复, 保证最终一致性.
* 各个事务并发执行的结果和串行执行的结果是一致的.

***数据库中的隔离性是怎样实现的;原子性, 一致性, 持久性又是如何实现的;***

原子性: 实现是基于日志的`Redo/Undo`机制, 对成功提交的事务通过`redo log`将未持久化的数据持久化, 将失败的未提交的数据按照`undo log`进行数据回滚
一致性: 一般由代码层面来保证
隔离性: 由MVCC来保证
持久性: 由`内存+redo log`来保证, mysql修改数据同时在内存和redo log记录这次操作, 事务提交的时候通过redo log刷盘, 宕机的时候可以从redo log恢复


# 隔离级别

事务隔离级别:

| No   | 隔离级别                   | 说明                                                         | 脏读(Dirty Read) | 不可重复读(NonRepeatable Read) | 幻读(Phantom Read) | 加锁读 |
| :--- | :------------------------- | :----------------------------------------------------------- | :--------------- | :----------------------------- | :----------------- | :----- |
| 1    | 未提交读(Read Uncommitted) | 最低级别,任何情况都无法保证                                  | 可能             | 可能                           | 可能               | ×      |
| 2    | 提交读(Read Committed)     |                                                              | ×                | 可能                           | 可能               | ×      |
| 3    | 可重复读(Repeatable Read)  | MySQL默认隔离级别                                            | ×                | ×                              | 可能               | ×      |
| 4    | 可串行化(Serializable)     | 强制事务串行执行,每次读都需要获得表级共享锁,读写相互都会阻塞 | ×                | ×                              | ×                  | yes    |

> * 脏读: 当前事务读取到未提交事务中的修改
> * 不可重复读: 在同一事务中两次读取的数据不一致(由其他事务删改现有数据引起)
> * 幻读: 简单的可以理解为在同一事务中两次读取的数据条数不一致(由其他事务增删数据引起)
>
> 可以看出, 随着级别的增加, 上述问题依次被解决了, 那么在数据库内部这些数据读取问题的解决是怎样实现的呢?

RU级别下, 读不会加任何锁, 写会加排它锁, 虽说此级别提高了并发性能, 但几乎无法保证并发读取数据的正确性, 通常在实际开发中不会使用

串行级别会强制事务串行, 会极大地降低数据库的并发能力, 只有在并发要求不高, 同时要求强数据一致性时才会使用.

## 几个命令

之后的验证阶段需要用到一些命令, 此处先了解其用法:

```sql
-- 查看事务隔离级别
select @@session.tx_isolation;-- show variables like '%tx_isolation%'
-- 设置事务隔离级别(session范围), read uncommited, serializable等
set session transaction isolation level read committed;
-- 开启事务
start transaction; -- 使用begin;也可
-- 查看表的加锁情况
select * from information_schema.innodb_locks;
-- 事务状态
select * from information_schema.innodb_trx;
select trx_state, trx_started, trx_mysql_thread_id, trx_query from information_schema.innodb_trx

begin;
select * from user;
select trx_id from information_schema.innodb_trx where trx_mysql_thread_id = connection_id();
commit;
-- show engine innodb status;
```

显式开启事务的两种方式以及区别

`BEGIN`: 开启事务后, 在第一个SQL执行时获取一致性视图

`start transaction with consistent snapshot`: 执行该语句开启事务时, 就获取一致性视图

## 隔离级别的实现


以下分析使用的表:

```sql
mysql> show create table user\G
*************************** 1. row ***************************
       Table: user
Create Table: CREATE TABLE `user` (
  `userid` bigint(20) NOT NULL AUTO_INCREMENT,
  `user_name` varchar(32) DEFAULT NULL,
  `password` varchar(32) DEFAULT NULL,
  PRIMARY KEY (`userid`)
) ENGINE=InnoDB AUTO_INCREMENT=100 DEFAULT CHARSET=utf8
1 row in set (0.00 sec)
mysql> select * from user where userid = '100';
+--------+-----------+----------+
| userid | user_name | password |
+--------+-----------+----------+
|    100 | foo       | foo      |
+--------+-----------+----------+
```

以下分析不同隔离级别的跨事务的数据读写现象及加锁情况

## RU

验证:

a:
```sql
mysql> set session transaction isolation level read uncommitted;begin; -- 步骤1
mysql> select * from user where userid = '100'; -- 步骤3
mysql> select * from user where userid = '100'; -- 步骤5:脏读:读取到b的未提交事务的修改
+--------+-----------+----------+
| userid | user_name | password |
+--------+-----------+----------+
|    100 | foo       | foo1     |
+--------+-----------+----------+
mysql> update user set password = 'foo2' where userid = '100'; -- 步骤6:此步会阻塞,因为b的事务未提交
Query OK, 1 row affected (32.86 sec)-- 步骤7后此更新才会执行,这里阻塞了32秒
Rows matched: 1  Changed: 1  Warnings: 0
```

b:
```sql
mysql> set session transaction isolation level read uncommitted;begin; -- 步骤2
mysql> update user set password = 'foo1' where userid = '100'; -- 步骤4
Query OK, 1 row affected (0.00 sec)
Rows matched: 1  Changed: 1  Warnings: 0
mysql> commit; -- 步骤7
Query OK, 0 rows affected (0.00 sec)
```
另一事务的修改无论是否提交, 其他事务就能看到

步骤3读不加锁, 步骤4写操作(增删改)可以进行并加了排他锁

> 更改隔离级别时针对的是session级别,另开一个session仍然会是默认的RR级别,不要忘记修改b

## RC

验证:

a:
```sql
mysql> set session transaction isolation level read committed;begin; -- 步骤1
mysql> select * from user where userid = '100'; -- 步骤3
mysql> select * from user where userid = '100'; -- 步骤5:未读取到b未提交事务的修改,避免了脏读
+--------+-----------+----------+
| userid | user_name | password |
+--------+-----------+----------+
|    100 | foo       | foo      |
+--------+-----------+----------+
mysql> update user set password = 'foo2' where userid = '100'; -- 步骤6:此步会阻塞,因为b的事务未提交
ERROR 1205 (HY000): Lock wait timeout exceeded; try restarting transaction
mysql> select * from user where userid = '100'; -- 步骤8:发生不可重复读:读取到b已提交事务的修改
+--------+-----------+----------+
| userid | user_name | password |
+--------+-----------+----------+
|    100 | foo       | foo1     |
+--------+-----------+----------+
```

b:
```sql
mysql> set session transaction isolation level read committed;begin; -- 步骤2
mysql> update user set password = 'foo1' where userid = '100'; -- 步骤4:会加锁
Query OK, 1 row affected (0.00 sec)
Rows matched: 1  Changed: 1  Warnings: 0
mysql> commit; -- 步骤7
```

另一事务的数据不提交, 其他事务无法看到, 如果提交了, 其他事务才能看到

读数据的过程不加锁, 写(增删改)加锁

上面的操作也能看出来只有写写互斥, 实际上是b是将`userid='100'`的数据行加锁, 未commit前, a是无法获取写锁的.

由于userid是主键, 是索引, 能够快速过滤掉不会被修改的数据定位修改的数据, 因此加的是行锁(行锁其实是加在索引上的),

如果是非索引列, 则会加表锁, 验证一下如:

```sql
mysql> update user set password = 'foo1' where userid = '100'; -- a
mysql> update user set password = 'foo1' where userid = '101'; -- b:不会阻塞(修改的不是同一条数据)

mysql> update user set password = 'foo1' where user_name = 'foo'; -- a
mysql> update user set password = 'foo1' where user_name = 'xx'; -- b:阻塞(即使修改的不是同一条数据)
```

实际使用中, 针对非索引列的条件, MySQL为了性能也可能将非修改数据释放开, 如上面会将`user_name <> 'foo'`的数据的锁释放, 从而降低事务的阻塞

## RR

a
```sql
mysql> begin; -- 步骤1
mysql> select * from user; -- 步骤3
+--------+-----------+----------+
| userid | user_name | password |
+--------+-----------+----------+
|    100 | foo       | foo      |
+--------+-----------+----------+
mysql> select * from user; -- 步骤5:解决了脏读
+--------+-----------+----------+
| userid | user_name | password |
+--------+-----------+----------+
|    100 | foo       | foo      |
+--------+-----------+----------+
mysql> update user set password = 'foo2' where userid = '100'; -- 步骤6:此步会阻塞,因为b的事务未提交
ERROR 1205 (HY000): Lock wait timeout exceeded; try restarting transaction
mysql> select * from user; -- 步骤8:解决了不可重复读
+--------+-----------+----------+
| userid | user_name | password |
+--------+-----------+----------+
|    100 | foo       | foo      |
+--------+-----------+----------+
mysql> select * from user; -- 步骤12:为什么没有发生幻读
+--------+-----------+----------+
| userid | user_name | password |
+--------+-----------+----------+
|    100 | foo       | foo      |
+--------+-----------+----------+
```

b
```sql
mysql> begin; -- 步骤2
mysql> update user set password = 'foo1' where userid = '100'; -- 步骤4:会加锁
Query OK, 1 row affected (0.00 sec)
Rows matched: 1  Changed: 1  Warnings: 0
mysql> commit; -- 步骤7
mysql> begin; -- 步骤9
mysql> insert into user values(null,'foo','bar'); -- 步骤10
Query OK, 1 row affected (0.00 sec)
mysql> commit; -- 步骤11
```

> MySQL的默认事务隔离级别, 不用特地去配置

可以看出, 即使事务a将数据修改提交了, 其他事务也不会看到最新的数据, 看到的和事务提交前的一致

因此很容易就会想到, RR级别是怎样解决了不可重复读的问题呢, 使用了什么避免看到已提交的数据呢?

假如是使用锁的方式设计这样的实现, 大致流程可能如: 在第一次读到对应数据后, 对这些数据加行锁, 其他事务无法修改, 也就实现了可重复读,

之后其他事务insert一条也符合查询条件的数据并提交后, 第二次读就会发现多了一条, 这就是幻读, 可见这个设计想法也会出现幻读

根据上面的示例可以发现一个现象:

读数据后, b事务仍然可以修改a事务读的那些数据, 可以推断不是上面向的那种设计想法

实际上是基于MVCC的, 在b事务修改后, a第二次读的也不是最新的数据版本, 而是数据快照.

## Serializable

a
```sql
mysql> set session transaction isolation level serializable;begin; -- 步骤1
mysql> select * from user where userid = '100'; -- 步骤3
```

b
```sql
mysql> set session transaction isolation level serializable;begin; -- 步骤2
mysql> update user set password ='foo1' where userid = '100'; -- 步骤4:此步阻塞,说明a的读操作加了锁(读写互斥)
mysql> select * from user where userid = '100'; -- 步骤5:此步不阻塞, 读锁为共享锁
```

读加共享锁, 所以步骤4会阻塞

写加排他锁, 读写互斥

步骤3 和 4调换顺序仍然会阻塞(阻塞读操作), 可见涉及到写操作时, 都会被阻塞或者阻塞其他事务

## 总结

RC: 当前事务a执行语句前, 是能够看到其他事务b提交的修改

RR: 当前事务a开始前, 其他事务b提交的修改才能看到, 如果其他事务b的提交发生在当前事务a的中途, 不能看到b的修改

只有在Serializable级别, 读操作才会加锁(共享锁)

# MVCC

MVCC是基于乐观锁的思想实现, 实现非阻塞的读

并且只在`RC`, `RR`这两个级别下工作, 其他级别和MVCC不兼容, 因为RU总是读最新的数据, 串行化总是串行执行事务.

根据`<<高性能MySQL>>`书中的记述, 在InnoDB中, 每行数据后会增加两个隐藏字段, 存储的是系统版本号,

一个记录数据的创建时的版本号, 另一个记录数据被删除(非物理删除)时的版本号.

基于这种说法, 分析可重复读的实现过程:

1. 事务1创建了一条数据用于测试, 事务2读取了这条数据

| userid | user_name | password | create | delete |
| :----- | :-------- | :------- | :----- | :----- |
| 100    | foo       | foo      | 1      |        |

2. 事务3修改这条数据

| userid | user_name | password | create | delete |
| :----- | :-------- | :------- | :----- | :----- |
| 100    | foo       | foo      | 1      | 3      |
| 100    | foo       | foo1     | 3      |        |

3. 事务2再读取这条数据时, 只会读取创建版本号小于当前事务版本的数据, 即事务修改前的数据

通过读数据快照, 不用再对目标数据加锁, 因而其他事务修改同时保证可重复读.

然而,官方文档中如下记述:

> Internally, InnoDB adds three fields to each row stored in the database.
> A 6-byte DB_TRX_ID field indicates the transaction identifier for the last transaction that inserted or updated the row.
> Also, a deletion is treated internally as an update where a special bit in the row is set to mark it as deleted.
> Each row also contains a 7-byte DB_ROLL_PTR field called the roll pointer. The roll pointer points to an undo log record written to the rollback segment.
> If the row was updated, the undo log record contains the information necessary to rebuild the content of the row before it was updated.
> A 6-byte DB_ROW_ID field contains a row ID that increases monotonically as new rows are inserted.
> If InnoDB generates a clustered index automatically, the index contains row ID values. Otherwise, the DB_ROW_ID column does not appear in any index.

引自[InnoDB Multi-Versioning](https://dev.mysql.com/doc/refman/5.6/en/innodb-multi-versioning.html)

归纳一下就是:

1. `DB_TRX_ID`: 标记该行数据被插入或最后一次被修改的事务id
2. `DB_ROLL_PTR`: 回滚指针, 执行该行数据的`undo log`记录, 包含被更新前的数据信息
3. `DB_ROW_ID`: 行id, 通常不被用于构建索引, 只在聚簇索引中被使用

也就是说, 其实是添加了3个字段, 而这3个字段也比书上的2个字段作用要大.

目前没能在官网上找到和书上一致的解释, 但在MySQL5.1文档[中译本](http://tool.oschina.net/apidocs/apidoc?api=mysql-5.1-zh)的`15.2.12. 多版本的实施`章节中有相似的添加两个字段的说明, 但和MySQL5.6的也仅仅差一个`DB_ROW_ID`.

下面说明这种方式下MVCC的实现:

read view的可见性判断源码:

```java
trx_id_t    low_limit_id;
            /*!< The read should not see any transaction
            with trx id >= this value. In other words,
            this is the "high water mark". */
trx_id_t    up_limit_id;
            /*!< The read should see all trx ids which
            are strictly smaller (<) than this value.
            In other words,
            this is the "low water mark". */
trx_id_t*    trx_ids;/*!< Additional trx ids which the read should
            not see: typically, these are the read-write
            active transactions at the time when the read
            is serialized, except the reading transaction
            itself; the trx ids in this array are in a
            descending order. These trx_ids should be
            between the "low" and "high" water marks,
            that is, up_limit_id and low_limit_id. */
trx_id_t    creator_trx_id;
            /*!< trx id of creating transaction, or
            0 used in purge */
......
{
    if (trx_id < view->up_limit_id) {
        return(true);
    } else if (trx_id >= view->low_limit_id) {
        return(false);
    } else {
        ulint    lower = 0;
        ulint    upper = view->n_trx_ids - 1;
        ut_a(view->n_trx_ids > 0);
        do { // 二分查找是否在活跃事务列表中
            ulint        mid    = (lower + upper) >> 1;
            trx_id_t    mid_id    = view->trx_ids[mid];

            if (mid_id == trx_id) {
                return(FALSE);
            } else if (mid_id < trx_id) {
                if (mid > 0) {
                    upper = mid - 1;
                } else {
                    break;
                }
            } else {
                lower = mid + 1;
            }
        } while (lower <= upper);
    }
    return(true);
}
```

源码位置:
> * mysql-5.6.40/storage/innobase/include/read0read.h
> * mysql-5.6.40/storage/innobase/include/read0read.ic
> * mysql-5.6.40/storage/innobase/read/read0read.cc

为实现RC,RR级别下非锁定一致性读,引入了[`read view`](http://mysql.taobao.org/monthly/2017/12/01/),它存储了当前系统下活跃的事务id.

* `low_limit_id`: 高水线,事务id >= low_limit_id的记录,对于当前事务都是不可见的,值为未分配id的最小值,即出现过的最大事务id+1,参看源码`trx0sys.h`(创建read view之后的事务修改了该数据,所以不可读)
* `up_limit_id`: 低水线,事务id < up_limit_id, 对于当前事务都是可见的,值为活跃id中最小的(创建read view时已经提交了的事务修改了该数据,所以可读)
* `trx_ids`: 活跃事务id列表,降序存储,RR读时,其中的事务对当前事务来说都是不可读的(自身事务除外).

> 高于高水线且位于活跃事务 id 列表中的事务(非自身), 对于当前事务来说都是不可见的

由于DB_ROW_ID的特殊作用,以下分析不考虑这个字段.

RR级别下:

1. 事务1创建了一条数据用于测试,经过一系列事务后,假设2,4活跃,3完毕,到达事务5读取了这条数据(此时`low_limit_id=6,up_limit_id=2,trx_ids={2,4,5}`)

| userid | user_name | password | DB_TRX_ID | DB_ROLL_PTR |
| :----- | :-------- | :------- | :-------- | :---------- |
| 100    | foo       | foo      | 1         |             |

2. 事务6修改这条数据,并提交

`update user set password = 'foo1' where userid = '100';commit;`

| userid | user_name | password | DB_TRX_ID | DB_ROLL_PTR        |
| :----- | :-------- | :------- | :-------- | :----------------- |
| 100    | foo       | foo1     | 6         | 指向undo log的指针 |

| userid | user_name | password | DB_TRX_ID | DB_ROLL_PTR |
| :----- | :-------- | :------- | :-------- | :---------- |
| 100    | foo       | foo      | 1         |             |

3. 事务5再读取这条数据时,发现其DB_TRX_ID为事务6,大于等于low_limit_id,表明修改数据的事务在本事务之后开启,标记该数据不可读,并根据回滚指针查找旧版本数据,旧数据版本为1,小于up_limit_id,表明修改旧数据的事务在本事务之前就已经提交,可以读取,于是读到这条旧数据,保证了可重复读,如果是多次修改,就重复这个过程.

4. 假设这之后事务4也修改了这条数据,事务5再读取,事务4在trx_ids在trx_ids中且不是当前事务本身,因此也不可读,查找旧数据.

在RC级别下重现上述过程,最终结果我们知道,步骤3时能读取事务6的修改,4时能读取到事务4的修改,原因是什么?

这是因为: 和RR不同的是, RC级别下每次select读时都会重建read view,所以提交过的事务被移出Read View, 所以事务6, 事务4都不在trx_ids中, 因此是可读的,从而造成了不可重复读现象.


> With REPEATABLE READ isolation level, the snapshot is based on the time when the first read operation is performed. With READ COMMITTED > isolation level, the snapshot is reset to the time of each consistent read operation.

引自[consistent read](https://dev.mysql.com/doc/refman/5.7/en/glossary.html#glos_consistent_read)

上面的文字虽然是解释一致性读和快照的,但实质上也是read view ,因为要根据read view判断读取哪个数据或redo log.

RR: Read View不是在`事务开始`阶段创建,而是在`第一次select读`时,证明就是:先后开启两个事务,事务2更新提交后,此时事务1开始第一次select读,能够读到事务2的修改(宏观上就是可重复读保证的是两次select读是一致的).

RC: 每条select语句执行时都会更新Read View,移除结束的事务.

# 间隙锁

可重复读级别下才会有的锁

在上面RR级别的验证测试中,事务2新增了一条数据并提交,根据幻读的成因,在步骤12应该发现幻读现象的,但实际上没有

我们可以认为MySQL在RR级别中,是解决了幻读的读问题的

理论上,只有串行化级别才能够解决幻读问题,RR级别能够解决其实是依靠的MVCC和间隙锁

虽说在RR级别解决了幻读的读问题,这个读只是select读(快照读),读的是数据快照, 但update,delete等语句其实是读+写操作,类似的语句还有

```sql
-- 读取最新的数据,其他事务未提交同样也会发生阻塞
select * from user lock in share mode;
select * from user for update;
```
这些语句也有读的阶段(当前读),再去读旧版本的数据就不行了,这个时候就必须要加锁了.

为了解决当前读中的幻读问题,MySQL事务使用了Next-Key锁.

Next-Key:行锁+GAP锁(间隙锁)

操作 1:

```sql
-- 排除非索引列锁表的影响
create index index_username on user(user_name);
update user set password = 'foo1' where user_name = 'foo'; -- 事务1
insert into user values(null,'foo1','xx'); -- 事务2:不阻塞,说明没有锁表
insert into user values(null,'foo','xx'); -- 事务2:阻塞
```
操作 2:
```sql
update user set user_name = 'foo' where password = 'bar'; -- 事务1
insert into user values(null,'xxx','bar'); -- 事务2:阻塞
insert into user values(null,'xxx','bar1'); -- 事务2:阻塞,即使新加的数据符合不符合a的条件,所以不是GPA锁,而是表锁
```

行锁防止别的事务修改或删除,GAP锁防止别的事务新增,
行锁和GAP锁结合形成的的Next-Key锁共同解决了RR级别在写数据时的幻读问题.

> MVCC是解决读写并行的幻读,而 `next key lock` 是解决写写并行的幻读, 也可以理解为快照读下依靠 MVCC避免幻读, 当前读下依靠`next-key lock`避免幻读

实际上,RR级别只是一定程度上解决了幻读问题,并没有彻底解决.
如,虽然不能读到新加的数据,但可以修改这条数据,之后就能读取到这条数据.

# 事务提交过程


MySQL 本身不提供事务支持, 而是开放了存储引擎接口, 由具体的存储引擎来实现, 具体来说支持 MySQL 事务的存储引擎就是 InnoDB.

存储引擎实现事务的通用方式是基于 redo log 和 undo log.

简单来说, redo log 记录事务修改后的数据, undo log 记录事务前的原始数据.

所以当一个事务执行时实际发生过程简化描述如下:

1. 先记录 undo/redo log, 确保日志刷到磁盘上持久存储.
2. 更新数据记录, 缓存操作并异步刷盘.
3. 提交事务, 在 redo log 中写入 commit 记录.

在 MySQL 执行事务过程中如果因故障中断, 可以通过 redo log 来重做事务或通过 undo log 来回滚, 确保了数据的一致性.

这些都是由事务性存储引擎来完成的, 但 binlog 不在事务存储引擎范围内, 而是由 `MySQL Server` 来记录的.

那么就必须保证 binlog 数据和 redo log 之间的一致性, 所以开启了 binlog 后实际的事务执行就多了一步

执行事务提交命令时, 就进入两阶段提交(2PC)模式, 如下:

`prepare`阶段:

1. 设置undo `state=TRX_UNDO_PREPARED`(`trx_undo_set_state_at_prepare`调用), innodb 状态设置为 `TRX_PREPARED`
2. 刷事务更新产生的redo日志;(步骤1产生的redo日志也会刷入)

`commit`阶段:

1. 将事务产生的binlog写入文件, 此时事务肯定要提交了, 之后刷入磁盘;
2. 设置undo页的状态, 置为`TRX_UNDO_TO_FREE`或`TRX_UNDO_TO_PURGE`(`trx_undo_set_state_at_finish`调用)
3. 记录事务对应的binlog偏移, 写入系统表空间(`trx_sys_update_mysql_binlog_offset`调用)

总结以上过程:

1. 先记录 undo/redo log, 确保日志刷到磁盘上持久存储.
2. 更新数据记录, 缓存操作并异步刷盘.
3. 将数据更新持久化到 binlog.
4. 提交事务, 在 redo log 中写入commit记录.

这样的话, 只要 binlog 没写成功, 整个事务是需要回滚的, 而 binlog 写成功后即使 MySQL Crash 了都可以恢复事务并完成提交.

要做到这点, 就需要把 binlog 和事务关联起来, 而只有保证了 binlog 和事务数据的一致性, 才能保证主从数据的一致性.

所以 binlog 的写入过程不得不嵌入到纯粹的事务存储引擎执行过程中, 并以内部分布式事务(xa 事务)的方式完成两阶段提交.

## QA

**何时使用行锁, 何时产生间隙锁**

* 只使用唯一索引查询, 并且只锁定一条记录时, innoDB会使用行锁.
* 只使用唯一索引查询, 但是检索条件是范围检索, 或者是唯一检索然而检索结果不存在(试图锁住不存在的数据)时, 会产生 Next-Key Lock.
* 使用普通索引检索时, 不管是何种查询, 只要加锁, 都会产生间隙锁. 如果有命中, 会使用 next-key lock, 锁住记录所在区间及下一个区间(区间为左开右闭)
* 同时使用唯一索引和普通索引时, 由于数据行是优先根据普通索引排序, 再根据唯一索引排序, 所以也会产生间隙锁.

# 参考

1. [Innodb中的事务隔离级别和锁的关系](https://tech.meituan.com/innodb_lock.html)
2. [MySQL 5.6 Reference Manual](https://dev.mysql.com/doc/refman/5.6/en/)
